server/routes.ts(2551,1): error TS1472: 'catch' or 'finally' expected.
server/storage.ts(1337,3): error TS1434: Unexpected keyword or identifier.
server/storage.ts(1337,24): error TS1005: ';' expected.
server/storage.ts(1337,44): error TS1011: An element access expression should take an argument.
server/storage.ts(1338,12): error TS1005: ':' expected.
server/storage.ts(1338,76): error TS1005: ',' expected.
server/storage.ts(1340,3): error TS1434: Unexpected keyword or identifier.
server/storage.ts(1340,24): error TS1005: ',' expected.
server/storage.ts(1340,33): error TS1005: ';' expected.
server/storage.ts(1341,11): error TS1005: ':' expected.
server/storage.ts(1341,82): error TS1005: ',' expected.
server/storage.ts(1342,12): error TS1005: ':' expected.
server/storage.ts(1342,15): error TS1005: ',' expected.
server/storage.ts(1344,3): error TS1434: Unexpected keyword or identifier.
server/storage.ts(1344,29): error TS1005: ',' expected.
server/storage.ts(1344,35): error TS1005: ';' expected.
server/storage.ts(1345,11): error TS1005: ':' expected.
server/storage.ts(1345,101): error TS1005: ',' expected.
server/storage.ts(1346,12): error TS1005: ':' expected.
server/storage.ts(1346,15): error TS1005: ',' expected.
server/storage.ts(1348,3): error TS1434: Unexpected keyword or identifier.
server/storage.ts(1348,27): error TS1005: ',' expected.
server/storage.ts(1348,41): error TS1005: ',' expected.
server/storage.ts(1348,47): error TS1005: ';' expected.
server/storage.ts(1349,11): error TS1005: ':' expected.
server/storage.ts(1349,97): error TS1005: ',' expected.
server/storage.ts(1350,12): error TS1005: ':' expected.
server/storage.ts(1350,15): error TS1005: ',' expected.
server/storage.ts(1354,3): error TS1434: Unexpected keyword or identifier.
server/storage.ts(1354,25): error TS1005: ';' expected.
server/storage.ts(1354,46): error TS1011: An element access expression should take an argument.
server/storage.ts(1355,12): error TS1005: ':' expected.
server/storage.ts(1355,41): error TS1005: ',' expected.
server/storage.ts(1357,3): error TS1434: Unexpected keyword or identifier.
server/storage.ts(1357,30): error TS1005: ',' expected.
server/storage.ts(1357,36): error TS1005: ';' expected.
server/storage.ts(1358,11): error TS1005: ':' expected.
server/storage.ts(1358,75): error TS1005: ',' expected.
server/storage.ts(1359,12): error TS1005: ':' expected.
server/storage.ts(1359,18): error TS1005: ',' expected.
server/storage.ts(1363,3): error TS1434: Unexpected keyword or identifier.
server/storage.ts(1363,38): error TS1005: ',' expected.
server/storage.ts(1363,44): error TS1005: ';' expected.
server/storage.ts(1364,11): error TS1005: ':' expected.
server/storage.ts(1364,81): error TS1005: ',' expected.
server/storage.ts(1365,12): error TS1005: ':' expected.
server/storage.ts(1365,16): error TS1005: ',' expected.
server/storage.ts(1367,3): error TS1434: Unexpected keyword or identifier.
server/storage.ts(1367,39): error TS1005: ',' expected.
server/storage.ts(1367,48): error TS1005: ';' expected.
server/storage.ts(1367,77): error TS1011: An element access expression should take an argument.
server/storage.ts(1368,12): error TS1005: ':' expected.
server/storage.ts(1368,143): error TS1005: ',' expected.
server/storage.ts(1370,3): error TS1434: Unexpected keyword or identifier.
server/storage.ts(1370,39): error TS1005: ',' expected.
server/storage.ts(1370,45): error TS1005: ';' expected.
server/storage.ts(1371,11): error TS1005: ':' expected.
server/storage.ts(1371,82): error TS1005: ',' expected.
server/storage.ts(1372,12): error TS1005: ':' expected.
server/storage.ts(1372,16): error TS1005: ',' expected.
server/storage.ts(1374,3): error TS1434: Unexpected keyword or identifier.
server/storage.ts(1374,39): error TS1005: ',' expected.
server/storage.ts(1374,60): error TS1005: ',' expected.
server/storage.ts(1374,69): error TS1005: ';' expected.
server/storage.ts(1374,99): error TS1011: An element access expression should take an argument.
server/storage.ts(1375,12): error TS1005: ':' expected.
server/storage.ts(1375,214): error TS1005: ',' expected.
server/storage.ts(1379,3): error TS1434: Unexpected keyword or identifier.
server/storage.ts(1379,25): error TS1005: ';' expected.
server/storage.ts(1379,46): error TS1011: An element access expression should take an argument.
server/storage.ts(1380,12): error TS1005: ':' expected.
server/storage.ts(1380,78): error TS1005: ',' expected.
server/storage.ts(1382,3): error TS1434: Unexpected keyword or identifier.
server/storage.ts(1382,30): error TS1005: ',' expected.
server/storage.ts(1382,49): error TS1005: ';' expected.
server/storage.ts(1383,11): error TS1005: ':' expected.
server/storage.ts(1383,73): error TS1005: ',' expected.
server/storage.ts(1384,12): error TS1005: ':' expected.
server/storage.ts(1384,16): error TS1005: ',' expected.
server/storage.ts(1386,3): error TS1434: Unexpected keyword or identifier.
server/storage.ts(1386,28): error TS1005: ',' expected.
server/storage.ts(1386,42): error TS1005: ',' expected.
server/storage.ts(1386,64): error TS1005: ';' expected.
server/storage.ts(1387,11): error TS1005: ':' expected.
server/storage.ts(1387,100): error TS1005: ',' expected.
server/storage.ts(1388,12): error TS1005: ':' expected.
server/storage.ts(1388,16): error TS1005: ',' expected.
server/storage.ts(1390,3): error TS1434: Unexpected keyword or identifier.
server/storage.ts(1390,28): error TS1005: ',' expected.
server/storage.ts(1390,37): error TS1005: ';' expected.
server/storage.ts(1390,51): error TS1109: Expression expected.
server/storage.ts(1391,11): error TS1005: ':' expected.
server/storage.ts(1391,63): error TS1005: ',' expected.
server/storage.ts(1395,3): error TS1434: Unexpected keyword or identifier.
server/storage.ts(1395,33): error TS1109: Expression expected.
server/storage.ts(1395,52): error TS1109: Expression expected.
server/storage.ts(1395,61): error TS1005: ';' expected.
server/storage.ts(1395,80): error TS1011: An element access expression should take an argument.
server/storage.ts(1396,9): error TS1005: ',' expected.
server/storage.ts(1396,44): error TS1005: ',' expected.
server/storage.ts(1397,20): error TS1005: ',' expected.
server/storage.ts(1397,31): error TS1005: ';' expected.
server/storage.ts(1399,7): error TS1128: Declaration or statement expected.
